Microchip MPLAB XC8 Compiler V2.46

Linker command line:

-W-3 \
  --edf=C:\Program Files\Microchip\xc8\v2.46\pic\dat\20240104201356_en.msgs \
  -pivt0x8=08h -cn \
  -h+dist/default/production\BOP_Helmet_MCC.X.production.sym \
  --cmf=dist/default/production\BOP_Helmet_MCC.X.production.cmf -z \
  -Q18F25K42 -oC:\Users\bonta\AppData\Local\Temp\xcAs9d4.\driver_tmp_3.o \
  --defsym=__MPLAB_BUILD=1 --fixupoverflow=error \
  -Mdist/default/production/BOP_Helmet_MCC.X.production.map \
  --md=C:\Users\bonta\AppData\Local\Temp\xcAs9d4.\driver_tmp_0.dat -E1 \
  -ver=XC8 Compiler --acfsm=1493 -ACODE=00h-07FFFh -ACONST=00h-07FFFh \
  -ASMALLCONST=0800h-08FFhx120 -AMEDIUMCONST=0800h-07FFFh -ACOMRAM=01h-05Fh \
  -AABS1=00h-07FFh -ABIGRAM=01h-07FFh -ARAM=060h-0FFh,0100h-01FFhx7 \
  -ABANK0=060h-0FFh -ABANK1=0100h-01FFh -ABANK2=0200h-02FFh \
  -ABANK3=0300h-03FFh -ABANK4=0400h-04FFh -ABANK5=0500h-05FFh \
  -ABANK6=0600h-06FFh -ABANK7=0700h-07FFh \
  -ASFR=03800h-038FFhx7,03F00h-03F5Fh,03F60h-03FFFh -ABIGSFR=03800h-03FFFh \
  -ACONFIG=0300000h-0300009h -AIDLOC=0200000h-020000Fh \
  -AEEDATA=0310000h-03100FFh -peeprom_data=EEDATA -preset_vec=00h \
  -ppowerup=CODE,init -pramtop=0800h -psmallconst=SMALLCONST \
  -pmediumconst=MEDIUMCONST -pconst=CONST -AFARRAM=00h-00h \
  -prdata=COMRAM,nvrram=COMRAM,nvbit=COMRAM,rbss=COMRAM,rbit=COMRAM \
  -pfarbss=FARRAM,fardata=FARRAM,nvFARRAM=FARRAM \
  -pintsave_regs=BIGRAM,bigbss=BIGRAM,bigdata=BIGRAM -pbss=RAM \
  -pidata=CODE,irdata=CODE,ibigdata=CODE,ifardata=CODE -prparam=COMRAM \
  C:\Users\bonta\AppData\Local\Temp\xcAs9d4.\driver_tmp_9.o \
  dist/default/production\BOP_Helmet_MCC.X.production.o 

Object code version is 3.11

Machine type is 18F25K42



                Name                               Link     Load   Length Selector   Space Scale
C:\Users\bonta\AppData\Local\Temp\xcAs9d4.\driver_tmp_9.o
                idloc                            200000   200000       10        0       5
                config                           300000   300000        A        0       4
                init                                 1C       1C        4        4       0
                reset_vec                             0        0        4        0       0
dist/default/production\BOP_Helmet_MCC.X.production.o
                idloc                            200000   200000       10        0       5
                config                           300000   300000        A        0       4
                smallconst                          800      800       42      400       0
                ivt0x8                                8        8       14        4       0
                text32                             10AE     10AE       26      421       0
                text31                             11C8     11C8        2      421       0
                text30                             105A     105A       2E      421       0
                text29                             11B0     11B0        A      421       0
                text28                              CA2      CA2       D6      421       0
                text27                             11C6     11C6        2      421       0
                text26                              FCC      FCC       32      421       0
                text25                              D78      D78       90      421       0
                text24                              F2A      F2A       3E      421       0
                text23                             11C4     11C4        2      421       0
                text22                              F9A      F9A       32      421       0
                text21                              A90      A90      212      421       0
                text20                             11C2     11C2        2      421       0
                text19                              F68      F68       32      421       0
                text18                              E08      E08       6C      421       0
                text17                             11A6     11A6        A      421       0
                text16                             113C     113C       1A      421       0
                text15                             116E     116E        E      421       0
                text14                             1156     1156       18      421       0
                text13                              E74      E74       68      421       0
                text12                             10D4     10D4       24      421       0
                text11                             119C     119C        A      421       0
                text10                             1088     1088       26      421       0
                text9                              1192     1192        A      421       0
                text8                              102C     102C       2E      421       0
                text7                              1188     1188        A      421       0
                text6                               FFE      FFE       2E      421       0
                text5                              111A     111A       22      421       0
                text4                              11BE     11BE        4      421       0
                text3                              11BA     11BA        4      421       0
                text2                              117C     117C        C      421       0
                text1                               EDC      EDC       4E      421       0
                text0                               842      842      24E      421       0
                cstackCOMRAM                         3A       3A       11        1       1
                cstackBANK0                          60       60        C       60       1
                bssCOMRAM                             1        1       39        1       1
                cinit                              10F8     10F8       22      421       0
                nvCOMRAM                             4B       4B        8        1       1

TOTAL           Name                               Link     Load   Length     Space
        CLASS   CODE           
                init                                 1C       1C        4         0
                reset_vec                             0        0        4         0
                ivt0x8                                8        8       14         0
                text32                             10AE     10AE       26         0
                text31                             11C8     11C8        2         0
                text30                             105A     105A       2E         0
                text29                             11B0     11B0        A         0
                text28                              CA2      CA2       D6         0
                text27                             11C6     11C6        2         0
                text26                              FCC      FCC       32         0
                text25                              D78      D78       90         0
                text24                              F2A      F2A       3E         0
                text23                             11C4     11C4        2         0
                text22                              F9A      F9A       32         0
                text21                              A90      A90      212         0
                text20                             11C2     11C2        2         0
                text19                              F68      F68       32         0
                text18                              E08      E08       6C         0
                text17                             11A6     11A6        A         0
                text16                             113C     113C       1A         0
                text15                             116E     116E        E         0
                text14                             1156     1156       18         0
                text13                              E74      E74       68         0
                text12                             10D4     10D4       24         0
                text11                             119C     119C        A         0
                text10                             1088     1088       26         0
                text9                              1192     1192        A         0
                text8                              102C     102C       2E         0
                text7                              1188     1188        A         0
                text6                               FFE      FFE       2E         0
                text5                              111A     111A       22         0
                text4                              11BE     11BE        4         0
                text3                              11BA     11BA        4         0
                text2                              117C     117C        C         0
                text1                               EDC      EDC       4E         0
                text0                               842      842      24E         0
                cinit                              10F8     10F8       22         0

        CLASS   CONST          

        CLASS   SMALLCONST     
                smallconst                          800      800       42         0

        CLASS   MEDIUMCONST    

        CLASS   COMRAM         
                cstackCOMRAM                         3A       3A       11         1
                bssCOMRAM                             1        1       39         1
                nvCOMRAM                             4B       4B        8         1

        CLASS   ABS1           

        CLASS   BIGRAM         

        CLASS   RAM            

        CLASS   BANK0          
                cstackBANK0                          60       60        C         1

        CLASS   BANK1          

        CLASS   BANK2          

        CLASS   BANK3          

        CLASS   BANK4          

        CLASS   BANK5          

        CLASS   BANK6          

        CLASS   BANK7          

        CLASS   SFR            

        CLASS   BIGSFR         

        CLASS   CONFIG         
                config                           300000   300000        A         4

        CLASS   IDLOC          
                idloc                            200000   200000       10         5

        CLASS   EEDATA         

        CLASS   FARRAM         

        CLASS   HEAP           

        CLASS   STACK          



SEGMENTS        Name                           Load    Length   Top    Selector   Space  Class

                reset_vec                      000000  000004  000004         0       0  CODE    
                bssCOMRAM                      000001  000052  000053         1       1  COMRAM  
                ivt0x8                         000008  000018  000020         4       0  CODE    
                cstackBANK0                    000060  00000C  00006C        60       1  BANK0   
                smallconst                     000800  000042  000842       400       0  SMALLCON
                text0                          000842  000988  0011CA       421       0  CODE    


UNUSED ADDRESS RANGES

        Name                Unused          Largest block    Delta
        BANK0            00006C-0000FF               94
        BANK1            000100-0001FF              100
        BANK2            000200-0002FF              100
        BANK3            000300-0003FF              100
        BANK4            000400-0004FF              100
        BANK5            000500-0005FF              100
        BANK6            000600-0006FF              100
        BANK7            000700-0007FF              100
        BIGRAM           000053-00005F                D
                         00006C-0007FF              794
        BIGSFR           003800-003FFF              800
        CODE             000004-000007                4
                         000020-0007FF              7E0
                         0011CA-007FFF             6E36
        COMRAM           000053-00005F                D
        CONST            000004-000007                4
                         000020-0007FF              7E0
                         0011CA-007FFF             6E36
        EEDATA           310000-3100FF              100
        MEDIUMCONST      0011CA-007FFF             6E36
        RAM              00006C-0007FF              100
        SFR              003800-003FFF              100
        SMALLCONST       0011CA-007FFF              100

                                  Symbol Table

INT1_SetInterruptHandler@InterruptHandler cstackBANK0  000060
IVTBASEH                                  (abs)        003FD6
IVTBASEL                                  (abs)        003FD5
IVTBASEU                                  (abs)        003FD7
TMR0_SetInterruptHandler@InterruptHandler cstackBANK0  000060
TMR2_SetInterruptHandler@InterruptHandler cstackBANK0  000060
TMR4_Period8BitSet@periodVal              cstackBANK0  000060
TMR4_SetInterruptHandler@InterruptHandler cstackBANK0  000060
_ANSELA                                   (abs)        003A40
_ANSELB                                   (abs)        003A50
_ANSELC                                   (abs)        003A60
_EXT_INT_Initialize                       text16       00113C
_INLVLA                                   (abs)        003A44
_INLVLB                                   (abs)        003A54
_INLVLC                                   (abs)        003A64
_INLVLE                                   (abs)        003A84
_INT1PPS                                  (abs)        003AC1
_INT1_CallBack                            text30       00105A
_INT1_DefaultInterruptHandler             text31       0011C8
_INT1_ISR                                 text29       0011B0
_INT1_InterruptHandler                    nvCOMRAM     00004F
_INT1_SetInterruptHandler                 text17       0011A6
_INTCON0bits                              (abs)        003FD2
_INTERRUPT_Initialize                     text15       00116E
_INTERRUPT_InterruptManagerHigh           text25       000D78
_INTERRUPT_InterruptManagerLow            text18       000E08
_IPR3bits                                 (abs)        003983
_IPR4bits                                 (abs)        003984
_IPR5bits                                 (abs)        003985
_IPR7bits                                 (abs)        003987
_LATA                                     (abs)        003FBA
_LATB                                     (abs)        003FBB
_LATBbits                                 (abs)        003FBB
_LATC                                     (abs)        003FBC
_ODCONA                                   (abs)        003A42
_ODCONB                                   (abs)        003A52
_ODCONC                                   (abs)        003A62
_OSCCON1                                  (abs)        0039D9
_OSCCON3                                  (abs)        0039DB
_OSCEN                                    (abs)        0039DD
_OSCFRQ                                   (abs)        0039DF
_OSCILLATOR_Initialize                    text14       001156
_OSCTUNE                                  (abs)        0039DE
_PIE3bits                                 (abs)        003993
_PIE4bits                                 (abs)        003994
_PIE5bits                                 (abs)        003995
_PIE7bits                                 (abs)        003997
_PIN_MANAGER_Initialize                   text13       000E74
_PIR3bits                                 (abs)        0039A3
_PIR4bits                                 (abs)        0039A4
_PIR5bits                                 (abs)        0039A5
_PIR7bits                                 (abs)        0039A7
_PMD0                                     (abs)        0039C0
_PMD1                                     (abs)        0039C1
_PMD2                                     (abs)        0039C2
_PMD3                                     (abs)        0039C3
_PMD4                                     (abs)        0039C4
_PMD5                                     (abs)        0039C5
_PMD6                                     (abs)        0039C6
_PMD7                                     (abs)        0039C7
_PMD_Initialize                           text12       0010D4
_PORTBbits                                (abs)        003FCB
_PR2                                      (abs)        003FAB
_PR4                                      (abs)        003F9F
_RB1I2C                                   (abs)        003A5A
_RB2I2C                                   (abs)        003A5B
_RC3I2C                                   (abs)        003A6A
_RC4I2C                                   (abs)        003A6B
_SLRCONA                                  (abs)        003A43
_SLRCONB                                  (abs)        003A53
_SLRCONC                                  (abs)        003A63
_SYSTEM_Initialize                        text5        00111A
_T0CON0                                   (abs)        003FB8
_T0CON0bits                               (abs)        003FB8
_T0CON1                                   (abs)        003FB9
_T2CLKCON                                 (abs)        003FAE
_T2CON                                    (abs)        003FAC
_T2CONbits                                (abs)        003FAC
_T2HLT                                    (abs)        003FAD
_T2HLTbits                                (abs)        003FAD
_T2PR                                     (abs)        003FAB
_T2RST                                    (abs)        003FAF
_T2RSTbits                                (abs)        003FAF
_T2TMR                                    (abs)        003FAA
_T4CLKCON                                 (abs)        003FA2
_T4CON                                    (abs)        003FA0
_T4CONbits                                (abs)        003FA0
_T4HLT                                    (abs)        003FA1
_T4HLTbits                                (abs)        003FA1
_T4PR                                     (abs)        003F9F
_T4RST                                    (abs)        003FA3
_T4RSTbits                                (abs)        003FA3
_T4TMR                                    (abs)        003F9E
_TMR0H                                    (abs)        003FB7
_TMR0L                                    (abs)        003FB6
_TMR0_DefaultInterruptHandler             text23       0011C4
_TMR0_ISR                                 text22       000F9A
_TMR0_Initialize                          text10       001088
_TMR0_InterruptHandler                    nvCOMRAM     000051
_TMR0_SetInterruptHandler                 text11       00119C
_TMR0_StartTimer                          text4        0011BE
_TMR0_StopTimer                           text3        0011BA
_TMR2                                     (abs)        003FAA
_TMR2_DefaultInterruptHandler             text20       0011C2
_TMR2_ISR                                 text19       000F68
_TMR2_Initialize                          text8        00102C
_TMR2_InterruptHandler                    nvCOMRAM     00004D
_TMR2_SetInterruptHandler                 text9        001192
_TMR4                                     (abs)        003F9E
_TMR4_DefaultInterruptHandler             text27       0011C6
_TMR4_ISR                                 text26       000FCC
_TMR4_Initialize                          text6        000FFE
_TMR4_InterruptHandler                    nvCOMRAM     00004B
_TMR4_Period8BitSet                       text2        00117C
_TMR4_SetInterruptHandler                 text7        001188
_TRISA                                    (abs)        003FC2
_TRISB                                    (abs)        003FC3
_TRISC                                    (abs)        003FC4
_WPUA                                     (abs)        003A41
_WPUB                                     (abs)        003A51
_WPUC                                     (abs)        003A61
_WPUE                                     (abs)        003A81
__HRAM                                    (abs)        000000
__H__absolute__                           __absolute__ 000000
__Habs1                                   abs1         000000
__Hbank0                                  bank0        000000
__Hbank1                                  bank1        000000
__Hbank2                                  bank2        000000
__Hbank3                                  bank3        000000
__Hbank4                                  bank4        000000
__Hbank5                                  bank5        000000
__Hbank6                                  bank6        000000
__Hbank7                                  bank7        000000
__Hbigbss                                 bigbss       000000
__Hbigdata                                bigdata      000000
__Hbigram                                 bigram       000000
__Hbigsfr                                 bigsfr       000000
__Hbss                                    bss          000000
__HbssCOMRAM                              bssCOMRAM    000000
__Hcinit                                  cinit        000000
__Hclrtext                                clrtext      000000
__Hcomram                                 comram       000000
__Hconfig                                 config       30000A
__Hconst                                  const        000000
__HcstackBANK0                            cstackBANK0  000000
__HcstackCOMRAM                           cstackCOMRAM 000000
__Hdata                                   data         000000
__Heeprom_data                            eeprom_data  000000
__Hfarbss                                 farbss       000000
__Hfardata                                fardata      000000
__Hheap                                   heap         000000
__Hibigdata                               ibigdata     000000
__Hidata                                  idata        000000
__Hidloc                                  idloc        200010
__Hifardata                               ifardata     000000
__Hinit                                   init         000020
__Hintsave_regs                           intsave_regs 000000
__Hirdata                                 irdata       000000
__Hivt0x8                                 ivt0x8       00001C
__Hmediumconst                            mediumconst  000000
__HnvCOMRAM                               nvCOMRAM     000000
__HnvFARRAM                               nvFARRAM     000000
__Hnvbit                                  nvbit        000000
__Hnvrram                                 nvrram       000000
__Hparam                                  rparam       000000
__Hpowerup                                powerup      000000
__Hram                                    ram          000000
__Hramtop                                 ramtop       000800
__Hrbit                                   rbit         000000
__Hrbss                                   rbss         000000
__Hrdata                                  rdata        000000
__Hreset_vec                              reset_vec    000004
__Hrparam                                 rparam       000000
__Hsfr                                    sfr          000000
__Hsmallconst                             smallconst   000842
__Hspace_0                                (abs)        0011CA
__Hspace_1                                (abs)        00006C
__Hspace_2                                (abs)        000000
__Hspace_4                                (abs)        60000A
__Hstack                                  stack        000000
__Hstruct                                 struct       000000
__Htemp                                   temp         000000
__Htext                                   text         000000
__Htext0                                  text0        000000
__Htext1                                  text1        000000
__Htext10                                 text10       000000
__Htext11                                 text11       000000
__Htext12                                 text12       000000
__Htext13                                 text13       000000
__Htext14                                 text14       000000
__Htext15                                 text15       000000
__Htext16                                 text16       000000
__Htext17                                 text17       000000
__Htext18                                 text18       000000
__Htext19                                 text19       000000
__Htext2                                  text2        000000
__Htext20                                 text20       000000
__Htext21                                 text21       000000
__Htext22                                 text22       000000
__Htext23                                 text23       000000
__Htext24                                 text24       000000
__Htext25                                 text25       000000
__Htext26                                 text26       000000
__Htext27                                 text27       000000
__Htext28                                 text28       000000
__Htext29                                 text29       000000
__Htext3                                  text3        000000
__Htext30                                 text30       000000
__Htext31                                 text31       000000
__Htext32                                 text32       000000
__Htext4                                  text4        000000
__Htext5                                  text5        000000
__Htext6                                  text6        000000
__Htext7                                  text7        000000
__Htext8                                  text8        000000
__Htext9                                  text9        000000
__LRAM                                    (abs)        000001
__L__absolute__                           __absolute__ 000000
__Labs1                                   abs1         000000
__Lbank0                                  bank0        000000
__Lbank1                                  bank1        000000
__Lbank2                                  bank2        000000
__Lbank3                                  bank3        000000
__Lbank4                                  bank4        000000
__Lbank5                                  bank5        000000
__Lbank6                                  bank6        000000
__Lbank7                                  bank7        000000
__Lbigbss                                 bigbss       000000
__Lbigdata                                bigdata      000000
__Lbigram                                 bigram       000000
__Lbigsfr                                 bigsfr       000000
__Lbss                                    bss          000000
__LbssCOMRAM                              bssCOMRAM    000000
__Lcinit                                  cinit        000000
__Lclrtext                                clrtext      000000
__Lcomram                                 comram       000000
__Lconfig                                 config       000000
__Lconst                                  const        000000
__LcstackBANK0                            cstackBANK0  000000
__LcstackCOMRAM                           cstackCOMRAM 000000
__Ldata                                   data         000000
__Leeprom_data                            eeprom_data  000000
__Lfarbss                                 farbss       000000
__Lfardata                                fardata      000000
__Lheap                                   heap         000000
__Libigdata                               ibigdata     000000
__Lidata                                  idata        000000
__Lidloc                                  idloc        000000
__Lifardata                               ifardata     000000
__Linit                                   init         00001C
__Lintsave_regs                           intsave_regs 000000
__Lirdata                                 irdata       000000
__Livt0x8                                 ivt0x8       000008
__Lmediumconst                            mediumconst  000000
__LnvCOMRAM                               nvCOMRAM     000000
__LnvFARRAM                               nvFARRAM     000000
__Lnvbit                                  nvbit        000000
__Lnvrram                                 nvrram       000000
__Lparam                                  rparam       000000
__Lpowerup                                powerup      000000
__Lram                                    ram          000000
__Lramtop                                 ramtop       000800
__Lrbit                                   rbit         000000
__Lrbss                                   rbss         000000
__Lrdata                                  rdata        000000
__Lreset_vec                              reset_vec    000000
__Lrparam                                 rparam       000000
__Lsfr                                    sfr          000000
__Lsmallconst                             smallconst   000800
__Lspace_0                                (abs)        000000
__Lspace_1                                (abs)        000000
__Lspace_2                                (abs)        000000
__Lspace_4                                (abs)        000000
__Lstack                                  stack        000000
__Lstruct                                 struct       000000
__Ltemp                                   temp         000000
__Ltext                                   text         000000
__Ltext0                                  text0        000000
__Ltext1                                  text1        000000
__Ltext10                                 text10       000000
__Ltext11                                 text11       000000
__Ltext12                                 text12       000000
__Ltext13                                 text13       000000
__Ltext14                                 text14       000000
__Ltext15                                 text15       000000
__Ltext16                                 text16       000000
__Ltext17                                 text17       000000
__Ltext18                                 text18       000000
__Ltext19                                 text19       000000
__Ltext2                                  text2        000000
__Ltext20                                 text20       000000
__Ltext21                                 text21       000000
__Ltext22                                 text22       000000
__Ltext23                                 text23       000000
__Ltext24                                 text24       000000
__Ltext25                                 text25       000000
__Ltext26                                 text26       000000
__Ltext27                                 text27       000000
__Ltext28                                 text28       000000
__Ltext29                                 text29       000000
__Ltext3                                  text3        000000
__Ltext30                                 text30       000000
__Ltext31                                 text31       000000
__Ltext32                                 text32       000000
__Ltext4                                  text4        000000
__Ltext5                                  text5        000000
__Ltext6                                  text6        000000
__Ltext7                                  text7        000000
__Ltext8                                  text8        000000
__Ltext9                                  text9        000000
__S0                                      (abs)        0011CA
__S1                                      (abs)        00006C
__S4                                      (abs)        000000
__S5                                      (abs)        000000
___heap_hi                                (abs)        000000
___heap_lo                                (abs)        000000
___inthi_sp                               stack        000000
___inthi_stack_hi                         stack        000000
___inthi_stack_lo                         stack        000000
___intlo_sp                               stack        000000
___intlo_stack_hi                         stack        000000
___intlo_stack_lo                         stack        000000
___param_bank                             (abs)        000000
___rparam_used                            (abs)        000001
___sp                                     stack        000000
___stack_hi                               stack        000000
___stack_lo                               stack        000000
__accesstop                               (abs)        000060
__activetblptr                            (abs)        000002
__end_of_EXT_INT_Initialize               text16       001156
__end_of_INT1_CallBack                    text30       001088
__end_of_INT1_DefaultInterruptHandler     text31       0011CA
__end_of_INT1_ISR                         text29       0011BA
__end_of_INT1_SetInterruptHandler         text17       0011B0
__end_of_INTERRUPT_Initialize             text15       00117C
__end_of_INTERRUPT_InterruptManagerHigh   text25       000E08
__end_of_INTERRUPT_InterruptManagerLow    text18       000E74
__end_of_OSCILLATOR_Initialize            text14       00116E
__end_of_PIN_MANAGER_Initialize           text13       000EDC
__end_of_PMD_Initialize                   text12       0010F8
__end_of_SYSTEM_Initialize                text5        00113C
__end_of_TMR0_DefaultInterruptHandler     text23       0011C6
__end_of_TMR0_ISR                         text22       000FCC
__end_of_TMR0_Initialize                  text10       0010AE
__end_of_TMR0_SetInterruptHandler         text11       0011A6
__end_of_TMR0_StartTimer                  text4        0011C2
__end_of_TMR0_StopTimer                   text3        0011BE
__end_of_TMR2_DefaultInterruptHandler     text20       0011C4
__end_of_TMR2_ISR                         text19       000F9A
__end_of_TMR2_Initialize                  text8        00105A
__end_of_TMR2_SetInterruptHandler         text9        00119C
__end_of_TMR4_DefaultInterruptHandler     text27       0011C8
__end_of_TMR4_ISR                         text26       000FFE
__end_of_TMR4_Initialize                  text6        00102C
__end_of_TMR4_Period8BitSet               text2        001188
__end_of_TMR4_SetInterruptHandler         text7        001192
__end_of__initialization                  cinit        001110
__end_of_main                             text0        000A90
__end_of_my_Int1_Isr                      text32       0010D4
__end_of_my_antiflicker_isr               text24       000F68
__end_of_my_delay                         text1        000F2A
__end_of_my_fading_isr                    text28       000D78
__end_of_my_pwm_isr                       text21       000CA2
__end_of_pwm_table                        smallconst   000841
__initialization                          cinit        0010F8
__mediumconst                             mediumconst  000000
__pbssCOMRAM                              bssCOMRAM    000001
__pcinit                                  cinit        0010F8
__pcstackBANK0                            cstackBANK0  000060
__pcstackCOMRAM                           cstackCOMRAM 00003A
__pivt0x8                                 ivt0x8       000008
__pnvCOMRAM                               nvCOMRAM     00004B
__psmallconst                             smallconst   000800
__ptext0                                  text0        000842
__ptext1                                  text1        000EDC
__ptext10                                 text10       001088
__ptext11                                 text11       00119C
__ptext12                                 text12       0010D4
__ptext13                                 text13       000E74
__ptext14                                 text14       001156
__ptext15                                 text15       00116E
__ptext16                                 text16       00113C
__ptext17                                 text17       0011A6
__ptext18                                 text18       000E08
__ptext19                                 text19       000F68
__ptext2                                  text2        00117C
__ptext20                                 text20       0011C2
__ptext21                                 text21       000A90
__ptext22                                 text22       000F9A
__ptext23                                 text23       0011C4
__ptext24                                 text24       000F2A
__ptext25                                 text25       000D78
__ptext26                                 text26       000FCC
__ptext27                                 text27       0011C6
__ptext28                                 text28       000CA2
__ptext29                                 text29       0011B0
__ptext3                                  text3        0011BA
__ptext30                                 text30       00105A
__ptext31                                 text31       0011C8
__ptext32                                 text32       0010AE
__ptext4                                  text4        0011BE
__ptext5                                  text5        00111A
__ptext6                                  text6        000FFE
__ptext7                                  text7        001188
__ptext8                                  text8        00102C
__ptext9                                  text9        001192
__ramtop                                  ramtop       000800
__smallconst                              smallconst   000800
_clocks_counter                           bssCOMRAM    000033
_lampdata                                 bssCOMRAM    000037
_lampstatus                               bssCOMRAM    000035
_main                                     text0        000842
_my_Int1_Isr                              text32       0010AE
_my_antiflicker_isr                       text24       000F2A
_my_delay                                 text1        000EDC
_my_fading_isr                            text28       000CA2
_my_pwm_isr                               text21       000A90
_old_clocks_counter                       bssCOMRAM    000031
_pwm_phase                                bssCOMRAM    000021
_pwm_setting                              bssCOMRAM    000001
_pwm_table                                smallconst   000801
end_of_initialization                     cinit        001110
intlevel0                                 text         000000
intlevel1                                 text         000000
intlevel2                                 text         000000
intlevel3                                 text         000000
isa$std                                   (abs)        000001
isa$xinst                                 (abs)        000000
ivt0x8_base                               ivt0x8       000008
main@fading_level                         cstackBANK0  000069
main@i                                    cstackBANK0  00006B
main@mode                                 cstackBANK0  00006A
my_delay@i                                cstackBANK0  000064
my_delay@val                              cstackBANK0  000060
my_fading_isr@io                          cstackCOMRAM 00003D
my_pwm_isr@pwm_cnt                        bssCOMRAM    000039
my_pwm_isr@tmp1                           cstackCOMRAM 000046
my_pwm_isr@tmp2                           cstackCOMRAM 000047
stackhi                                   (abs)        000000
stacklo                                   (abs)        000000
start                                     init         00001C
start_initialization                      cinit        0010F8


MODULE INFORMATION

Module		Function		Class		Link	Load	Size
mcc_generated_files/tmr4.c
		_TMR4_ISR      		CODE           	0FCC	0000	50
		_TMR4_Initialize		CODE           	0FFE	0000	46
		_TMR4_SetInterruptHandler		CODE           	1188	0000	10
		_TMR4_Period8BitSet		CODE           	117C	0000	12
		_TMR4_DefaultInterruptHandler		CODE           	11C6	0000	2

mcc_generated_files/tmr4.c estimated size: 120

mcc_generated_files/tmr2.c
		_TMR2_ISR      		CODE           	0F68	0000	50
		_TMR2_Initialize		CODE           	102C	0000	46
		_TMR2_SetInterruptHandler		CODE           	1192	0000	10
		_TMR2_DefaultInterruptHandler		CODE           	11C2	0000	2

mcc_generated_files/tmr2.c estimated size: 108

mcc_generated_files/interrupt_manager.c
		_INTERRUPT_Initialize		CODE           	116E	0000	14
		_INTERRUPT_InterruptManagerLow		CODE           	0E08	0000	108
		_INTERRUPT_InterruptManagerHigh		CODE           	0D78	0000	144

mcc_generated_files/interrupt_manager.c estimated size: 266

mcc_generated_files/tmr0.c
		_TMR0_SetInterruptHandler		CODE           	119C	0000	10
		_TMR0_StopTimer		CODE           	11BA	0000	4
		_TMR0_DefaultInterruptHandler		CODE           	11C4	0000	2
		_TMR0_StartTimer		CODE           	11BE	0000	4
		_TMR0_ISR      		CODE           	0F9A	0000	50
		_TMR0_Initialize		CODE           	1088	0000	38

mcc_generated_files/tmr0.c estimated size: 108

mcc_generated_files/pin_manager.c
		_PIN_MANAGER_Initialize		CODE           	0E74	0000	104

mcc_generated_files/pin_manager.c estimated size: 104

mcc_generated_files/ext_int.c
		_INT1_SetInterruptHandler		CODE           	11A6	0000	10
		_EXT_INT_Initialize		CODE           	113C	0000	26
		_INT1_DefaultInterruptHandler		CODE           	11C8	0000	2
		_INT1_CallBack 		CODE           	105A	0000	46
		_INT1_ISR      		CODE           	11B0	0000	10

mcc_generated_files/ext_int.c estimated size: 94

shared
		_pwm_table     		SMALLCONST     	0801	0000	64
		__initialization		CODE           	10F8	0000	24

shared estimated size: 88

mcc_generated_files/mcc.c
		_PMD_Initialize		CODE           	10D4	0000	36
		_OSCILLATOR_Initialize		CODE           	1156	0000	24
		_SYSTEM_Initialize		CODE           	111A	0000	34

mcc_generated_files/mcc.c estimated size: 94

main.c
		_my_antiflicker_isr		CODE           	0F2A	0000	62
		_my_fading_isr 		CODE           	0CA2	0000	214
		_main          		CODE           	0842	0000	590
		_my_Int1_Isr   		CODE           	10AE	0000	38
		_my_delay      		CODE           	0EDC	0000	78
		_my_pwm_isr    		CODE           	0A90	0000	530

main.c estimated size: 1512

